// Jest Snapshot v1, https://goo.gl/fbAQLP

exports[`posts router [GET] api/posts returns all posts 1`] = `
Array [
  Object {
    "photo_url": "https://placedog.net/500",
    "post_id": 1,
    "post_title": "my dog",
    "user_id": 3,
  },
  Object {
    "photo_url": "http://placekitten.com/200/300",
    "post_id": 2,
    "post_title": "my cat",
    "user_id": 1,
  },
  Object {
    "photo_url": "http://placekitten.com/200/300",
    "post_id": 3,
    "post_title": "my other cat",
    "user_id": 1,
  },
  Object {
    "photo_url": "https://media.istockphoto.com/photos/pet-rat-picture-id492486990?b=1&k=20&m=492486990&s=170667a&w=0&h=tQERyfrmp2o4tZZ9i0ckxnhW0JeqDVs328JICGaU3Hs=",
    "post_id": 4,
    "post_title": "my rat",
    "user_id": 2,
  },
]
`;
